
> destinations-api@0.0.1 build
> nest build

npm : [96msrc/module
s/cooperation/coopera
tion.controller.ts[0
m:[93m124[0m:[93m6
4[0m - 
[91merror[0m[90m 
TS2345: [0mArgument 
of type 'HotelAvailab
ilityQueryDto' is 
not assignable to 
parameter of type 'Ho
telAvailabilityParams
'.
At line:1 char:1
+ npm run build > 
build_output.txt 2>&1
+ ~~~~~~~~~~~~~~~~~~~
~~~~~~~~~~~~~~~~~~
    + CategoryInfo   
           : NotSpe  
  cified: ([96msr   
 c/module...abili    
tyParams'.:Strin    
g) [], RemoteExc    
eption
    + FullyQualified 
   ErrorId : Native  
  CommandError
 
  Types of property 
'checkIn' are 
incompatible.
    Type 'Date' is 
not assignable to 
type 'string'.

[7m124[0m     
return this.partnerCa
talogService.getHotel
Availability(id, 
query);
[7m   [0m [91m    
                     
                     
                 
~~~~~[0m
[96msrc/modules/rent
al-bill/rental-bill.s
ervice.ts[0m:[93m12
6[0m:[93m44[0m - 
[91merror[0m[90m 
TS2345: [0mArgument 
of type 'Date' is 
not assignable to 
parameter of type 
'string'.

[7m126[0m     
const startDate = thi
s.parseCustomDate(dto
.startDate);
[7m   [0m [91m    
                     
                  
~~~~~~~~~~~~~[0m
[96msrc/modules/rent
al-bill/rental-bill.s
ervice.ts[0m:[93m12
7[0m:[93m42[0m - 
[91merror[0m[90m 
TS2345: [0mArgument 
of type 'Date' is 
not assignable to 
parameter of type 
'string'.

[7m127[0m     
const endDate = this.
parseCustomDate(dto.e
ndDate);
[7m   [0m [91m    
                     
                
~~~~~~~~~~~[0m

Found 3 error(s).

