src/modules/delivery/bill/delivery-bill.controller.ts(79,50): error TS2345: Argument of type 'string' is not assignable to parameter of type 'PaymentMethod'.
src/modules/hotel/bill/hotel-bill.controller.ts(80,60): error TS2345: Argument of type 'string' is not assignable to parameter of type 'PaymentMethod'.
src/modules/rental-bill/rental-bill.controller.ts(81,50): error TS2345: Argument of type 'string' is not assignable to parameter of type 'PaymentMethod'.
